// Jest Snapshot v1, https://goo.gl/fbAQLP

exports[`GifExpertApp test Debe hacer match con el snapshot 1`] = `
<Fragment>
  <h4>
    GifExpertApp
  </h4>
  <hr />
  <AddCategory
    setCategory={[Function]}
  />
  <ol>
    <ListItems_versionB
      category="Do"
      key="Do"
    />
    <ListItems_versionB
      category="Re"
      key="Re"
    />
    <ListItems_versionB
      category="Mi"
      key="Mi"
    />
  </ol>
</Fragment>
`;
