// Jest Snapshot v1, https://goo.gl/fbAQLP

exports[`AddCategory Test El componente debe hacer match con su snapshot 1`] = `
<form
  onSubmit={[Function]}
>
  <p />
  <input
    onChange={[Function]}
    type="text"
    value=""
  />
</form>
`;
